2025-09-25 18:43:01,097 | INFO | MindmapClusteringSystem | clustering_system.py:33 | Detected language: English
2025-09-25 18:43:01,097 | INFO | MindmapClusteringSystem | clustering_system.py:34 | 📝 Processed 65 text segments
2025-09-25 18:43:01,097 | INFO | MindmapClusteringSystem | clustering_system.py:40 | 🔢 Generating embeddings...
2025-09-25 18:43:01,472 | INFO | MindmapClusteringSystem | clustering_system.py:44 | 🎯 Applying dynamic clustering...
2025-09-25 18:43:42,271 | INFO | MindmapClusteringSystem | clustering_system.py:33 | Detected language: English
2025-09-25 18:43:42,271 | INFO | MindmapClusteringSystem | clustering_system.py:34 | 📝 Processed 65 text segments
2025-09-25 18:43:42,271 | INFO | MindmapClusteringSystem | clustering_system.py:40 | 🔢 Generating embeddings...
2025-09-25 18:43:42,609 | INFO | MindmapClusteringSystem | clustering_system.py:44 | 🎯 Applying dynamic clustering...
2025-09-25 18:44:06,292 | INFO | MindmapClusteringSystem | clustering_system.py:33 | Detected language: English
2025-09-25 18:44:06,292 | INFO | MindmapClusteringSystem | clustering_system.py:34 | 📝 Processed 65 text segments
2025-09-25 18:44:06,292 | INFO | MindmapClusteringSystem | clustering_system.py:40 | 🔢 Generating embeddings...
2025-09-25 18:45:47,674 | INFO | MindmapClusteringSystem | clustering_system.py:33 | Detected language: Arabic
2025-09-25 18:45:47,675 | INFO | MindmapClusteringSystem | clustering_system.py:34 | 📝 Processed 65 text segments
2025-09-25 18:45:47,675 | INFO | MindmapClusteringSystem | clustering_system.py:40 | 🔢 Generating embeddings...
2025-09-25 19:22:21,494 | INFO | MindmapClusteringSystem | clustering_system.py:33 | Detected language: Arabic
2025-09-25 19:22:21,495 | INFO | MindmapClusteringSystem | clustering_system.py:34 | 📝 Processed 65 text segments
2025-09-25 19:22:21,495 | INFO | MindmapClusteringSystem | clustering_system.py:40 | 🔢 Generating embeddings...
2025-09-25 19:22:23,827 | INFO | MindmapClusteringSystem | clustering_system.py:44 | 🎯 Applying dynamic clustering...
2025-09-25 19:23:36,266 | INFO | MindmapClusteringSystem | clustering_system.py:33 | Detected language: Arabic
2025-09-25 19:23:36,266 | INFO | MindmapClusteringSystem | clustering_system.py:34 | 📝 Processed 65 text segments
2025-09-25 19:23:36,266 | INFO | MindmapClusteringSystem | clustering_system.py:40 | 🔢 Generating embeddings...
2025-09-25 19:23:36,624 | INFO | MindmapClusteringSystem | clustering_system.py:44 | 🎯 Applying dynamic clustering...
2025-09-25 19:27:42,292 | INFO | MindmapClusteringSystem | clustering_system.py:33 | Detected language: Arabic
2025-09-25 19:27:42,292 | INFO | MindmapClusteringSystem | clustering_system.py:34 | 📝 Processed 65 text segments
2025-09-25 19:27:42,292 | INFO | MindmapClusteringSystem | clustering_system.py:40 | 🔢 Generating embeddings...
2025-09-25 19:27:42,614 | INFO | MindmapClusteringSystem | clustering_system.py:44 | 🎯 Applying dynamic clustering...
2025-09-25 19:28:05,744 | INFO | MindmapClusteringSystem | clustering_system.py:33 | Detected language: Arabic
2025-09-25 19:28:05,744 | INFO | MindmapClusteringSystem | clustering_system.py:34 | 📝 Processed 65 text segments
2025-09-25 19:28:05,744 | INFO | MindmapClusteringSystem | clustering_system.py:40 | 🔢 Generating embeddings...
2025-09-25 19:28:06,047 | INFO | MindmapClusteringSystem | clustering_system.py:44 | 🎯 Applying dynamic clustering...
2025-09-25 21:15:55,422 | INFO | MindmapClusteringSystem | clustering_system.py:33 | Detected language: Arabic
2025-09-25 21:15:55,423 | INFO | MindmapClusteringSystem | clustering_system.py:34 | 📝 Processed 12 text segments
2025-09-25 21:15:55,423 | INFO | MindmapClusteringSystem | clustering_system.py:40 | 🔢 Generating embeddings...
2025-09-25 21:15:55,934 | INFO | MindmapClusteringSystem | clustering_system.py:44 | 🎯 Applying dynamic clustering...
2025-09-25 21:17:33,451 | INFO | MindmapClusteringSystem | clustering_system.py:33 | Detected language: Arabic
2025-09-25 21:17:33,452 | INFO | MindmapClusteringSystem | clustering_system.py:34 | 📝 Processed 12 text segments
2025-09-25 21:17:33,452 | INFO | MindmapClusteringSystem | clustering_system.py:40 | 🔢 Generating embeddings...
2025-09-25 21:17:33,688 | INFO | MindmapClusteringSystem | clustering_system.py:44 | 🎯 Applying dynamic clustering...
2025-09-25 21:19:53,181 | INFO | MindmapClusteringSystem | clustering_system.py:33 | Detected language: Arabic
2025-09-25 21:19:53,181 | INFO | MindmapClusteringSystem | clustering_system.py:34 | 📝 Processed 12 text segments
2025-09-25 21:19:53,181 | INFO | MindmapClusteringSystem | clustering_system.py:40 | 🔢 Generating embeddings...
2025-09-25 21:19:53,345 | INFO | MindmapClusteringSystem | clustering_system.py:44 | 🎯 Applying dynamic clustering...
2025-09-25 21:22:23,417 | INFO | MindmapClusteringSystem | clustering_system.py:33 | Detected language: Arabic
2025-09-25 21:22:23,417 | INFO | MindmapClusteringSystem | clustering_system.py:34 | 📝 Processed 1 text segments
2025-09-25 21:22:34,723 | INFO | MindmapClusteringSystem | clustering_system.py:33 | Detected language: Arabic
2025-09-25 21:22:34,723 | INFO | MindmapClusteringSystem | clustering_system.py:34 | 📝 Processed 1 text segments
2025-09-25 21:24:47,178 | INFO | MindmapClusteringSystem | clustering_system.py:33 | Detected language: Arabic
2025-09-25 21:24:47,178 | INFO | MindmapClusteringSystem | clustering_system.py:34 | 📝 Processed 7 text segments
2025-09-25 21:24:47,178 | INFO | MindmapClusteringSystem | clustering_system.py:40 | 🔢 Generating embeddings...
2025-09-25 21:24:47,812 | INFO | MindmapClusteringSystem | clustering_system.py:44 | 🎯 Applying dynamic clustering...
2025-09-25 21:25:42,533 | INFO | MindmapClusteringSystem | clustering_system.py:33 | Detected language: Arabic
2025-09-25 21:25:42,534 | INFO | MindmapClusteringSystem | clustering_system.py:34 | 📝 Processed 7 text segments
2025-09-25 21:25:42,534 | INFO | MindmapClusteringSystem | clustering_system.py:40 | 🔢 Generating embeddings...
2025-09-25 21:25:42,847 | INFO | MindmapClusteringSystem | clustering_system.py:44 | 🎯 Applying dynamic clustering...
2025-09-25 21:26:28,075 | INFO | MindmapClusteringSystem | clustering_system.py:33 | Detected language: Arabic
2025-09-25 21:26:28,075 | INFO | MindmapClusteringSystem | clustering_system.py:34 | 📝 Processed 1 text segments
2025-09-25 21:27:09,343 | INFO | MindmapClusteringSystem | clustering_system.py:33 | Detected language: English
2025-09-25 21:27:09,343 | INFO | MindmapClusteringSystem | clustering_system.py:34 | 📝 Processed 1 text segments
2025-09-25 21:27:55,281 | INFO | MindmapClusteringSystem | clustering_system.py:33 | Detected language: English
2025-09-25 21:27:55,281 | INFO | MindmapClusteringSystem | clustering_system.py:34 | 📝 Processed 7 text segments
2025-09-25 21:27:55,281 | INFO | MindmapClusteringSystem | clustering_system.py:40 | 🔢 Generating embeddings...
2025-09-25 21:27:56,212 | INFO | MindmapClusteringSystem | clustering_system.py:44 | 🎯 Applying dynamic clustering...
2025-09-25 21:28:38,539 | INFO | MindmapClusteringSystem | clustering_system.py:33 | Detected language: English
2025-09-25 21:28:38,539 | INFO | MindmapClusteringSystem | clustering_system.py:34 | 📝 Processed 1 text segments
2025-09-25 21:30:14,734 | INFO | MindmapClusteringSystem | clustering_system.py:33 | Detected language: English
2025-09-25 21:30:14,735 | INFO | MindmapClusteringSystem | clustering_system.py:34 | 📝 Processed 1 text segments
2025-09-25 21:31:09,816 | INFO | MindmapClusteringSystem | clustering_system.py:33 | Detected language: English
2025-09-25 21:31:09,816 | INFO | MindmapClusteringSystem | clustering_system.py:34 | 📝 Processed 1 text segments
2025-09-25 21:32:37,686 | INFO | MindmapClusteringSystem | clustering_system.py:33 | Detected language: English
2025-09-25 21:32:37,687 | INFO | MindmapClusteringSystem | clustering_system.py:34 | 📝 Processed 1 text segments
2025-09-25 21:34:16,074 | INFO | MindmapClusteringSystem | clustering_system.py:36 | Detected language: Arabic
2025-09-25 21:34:16,075 | INFO | MindmapClusteringSystem | clustering_system.py:37 | 📝 Processed 1 text segments
2025-09-25 21:36:14,584 | INFO | MindmapClusteringSystem | clustering_system.py:36 | Detected language: English
2025-09-25 21:36:14,584 | INFO | MindmapClusteringSystem | clustering_system.py:37 | 📝 Processed 0 text segments
2025-09-25 21:36:27,947 | INFO | MindmapClusteringSystem | clustering_system.py:36 | Detected language: Arabic
2025-09-25 21:36:27,947 | INFO | MindmapClusteringSystem | clustering_system.py:37 | 📝 Processed 2 text segments
2025-09-25 21:36:27,947 | INFO | MindmapClusteringSystem | clustering_system.py:43 | 🔢 Generating embeddings...
2025-09-25 21:36:28,249 | INFO | MindmapClusteringSystem | clustering_system.py:47 | 🎯 Applying dynamic clustering...
2025-09-25 21:37:44,408 | INFO | MindmapClusteringSystem | clustering_system.py:36 | Detected language: Arabic
2025-09-25 21:37:44,408 | INFO | MindmapClusteringSystem | clustering_system.py:37 | 📝 Processed 2 text segments
2025-09-25 21:37:44,408 | INFO | MindmapClusteringSystem | clustering_system.py:43 | 🔢 Generating embeddings...
2025-09-25 21:37:44,574 | INFO | MindmapClusteringSystem | clustering_system.py:47 | 🎯 Applying dynamic clustering...
2025-09-25 21:40:55,035 | INFO | MindmapClusteringSystem | clustering_system.py:36 | Detected language: Arabic
2025-09-25 21:40:55,036 | INFO | MindmapClusteringSystem | clustering_system.py:37 | 📝 Processed 7 text segments
2025-09-25 21:40:55,036 | INFO | MindmapClusteringSystem | clustering_system.py:43 | 🔢 Generating embeddings...
2025-09-25 21:40:55,333 | INFO | MindmapClusteringSystem | clustering_system.py:47 | 🎯 Applying dynamic clustering...
2025-09-25 22:35:24,762 | INFO | MindmapClusteringSystem | clustering_system.py:36 | Detected language: Arabic
2025-09-25 22:35:24,762 | INFO | MindmapClusteringSystem | clustering_system.py:37 | 📝 Processed 7 text segments
2025-09-25 22:35:24,762 | INFO | MindmapClusteringSystem | clustering_system.py:43 | 🔢 Generating embeddings...
2025-09-25 22:35:25,068 | INFO | MindmapClusteringSystem | clustering_system.py:47 | 🎯 Applying dynamic clustering...
2025-09-25 22:37:12,009 | INFO | MindmapClusteringSystem | clustering_system.py:36 | Detected language: Arabic
2025-09-25 22:37:12,010 | INFO | MindmapClusteringSystem | clustering_system.py:37 | 📝 Processed 7 text segments
2025-09-25 22:37:12,010 | INFO | MindmapClusteringSystem | clustering_system.py:43 | 🔢 Generating embeddings...
2025-09-25 22:37:12,304 | INFO | MindmapClusteringSystem | clustering_system.py:47 | 🎯 Applying dynamic clustering...
2025-09-25 22:40:09,706 | INFO | MindmapClusteringSystem | clustering_system.py:36 | Detected language: Arabic
2025-09-25 22:40:09,706 | INFO | MindmapClusteringSystem | clustering_system.py:37 | 📝 Processed 7 text segments
2025-09-25 22:40:09,706 | INFO | MindmapClusteringSystem | clustering_system.py:43 | 🔢 Generating embeddings...
2025-09-25 22:40:09,995 | INFO | MindmapClusteringSystem | clustering_system.py:47 | 🎯 Applying dynamic clustering...
2025-09-25 22:52:19,379 | INFO | MindmapClusteringSystem | clustering_system.py:36 | Detected language: Arabic
2025-09-25 22:52:19,380 | INFO | MindmapClusteringSystem | clustering_system.py:37 | 📝 Processed 7 text segments
2025-09-25 22:52:19,380 | INFO | MindmapClusteringSystem | clustering_system.py:43 | 🔢 Generating embeddings...
2025-09-25 22:52:19,681 | INFO | MindmapClusteringSystem | clustering_system.py:47 | 🎯 Applying dynamic clustering...
2025-09-25 22:55:09,733 | INFO | MindmapClusteringSystem | clustering_system.py:36 | Detected language: Arabic
2025-09-25 22:55:09,734 | INFO | MindmapClusteringSystem | clustering_system.py:37 | 📝 Processed 7 text segments
2025-09-25 22:55:09,734 | INFO | MindmapClusteringSystem | clustering_system.py:43 | 🔢 Generating embeddings...
2025-09-25 22:55:10,069 | INFO | MindmapClusteringSystem | clustering_system.py:47 | 🎯 Applying dynamic clustering...
2025-09-25 22:56:00,300 | INFO | MindmapClusteringSystem | clustering_system.py:36 | Detected language: Arabic
2025-09-25 22:56:00,300 | INFO | MindmapClusteringSystem | clustering_system.py:37 | 📝 Processed 7 text segments
2025-09-25 22:56:00,300 | INFO | MindmapClusteringSystem | clustering_system.py:43 | 🔢 Generating embeddings...
2025-09-25 22:56:00,612 | INFO | MindmapClusteringSystem | clustering_system.py:47 | 🎯 Applying dynamic clustering...
2025-09-25 22:56:42,903 | INFO | MindmapClusteringSystem | clustering_system.py:36 | Detected language: Arabic
2025-09-25 22:56:42,903 | INFO | MindmapClusteringSystem | clustering_system.py:37 | 📝 Processed 7 text segments
2025-09-25 22:56:42,903 | INFO | MindmapClusteringSystem | clustering_system.py:43 | 🔢 Generating embeddings...
2025-09-25 22:56:43,196 | INFO | MindmapClusteringSystem | clustering_system.py:47 | 🎯 Applying dynamic clustering...
2025-09-25 23:07:54,144 | INFO | MindmapClusteringSystem | clustering_system.py:36 | Detected language: English
2025-09-25 23:07:54,144 | INFO | MindmapClusteringSystem | clustering_system.py:37 | 📝 Processed 9 text segments
2025-09-25 23:07:54,144 | INFO | MindmapClusteringSystem | clustering_system.py:43 | 🔢 Generating embeddings...
2025-09-25 23:07:54,525 | INFO | MindmapClusteringSystem | clustering_system.py:47 | 🎯 Applying dynamic clustering...
2025-09-25 23:50:53,784 | INFO | MindmapClusteringSystem | clustering_system.py:36 | Detected language: Arabic
2025-09-25 23:50:53,785 | INFO | MindmapClusteringSystem | clustering_system.py:37 | 📝 Processed 7 text segments
2025-09-25 23:50:53,785 | INFO | MindmapClusteringSystem | clustering_system.py:43 | 🔢 Generating embeddings...
2025-09-25 23:50:54,112 | INFO | MindmapClusteringSystem | clustering_system.py:47 | 🎯 Applying dynamic clustering...
2025-10-01 16:05:06,277 | INFO | MindmapClusteringSystem | clustering_system.py:36 | Detected language: Arabic
2025-10-01 16:05:06,278 | INFO | MindmapClusteringSystem | clustering_system.py:37 | 📝 Processed 2 text segments
2025-10-01 16:05:06,278 | INFO | MindmapClusteringSystem | clustering_system.py:43 | 🔢 Generating embeddings...
2025-10-01 16:05:06,577 | INFO | MindmapClusteringSystem | clustering_system.py:47 | 🎯 Applying dynamic clustering...
2025-10-01 18:23:40,733 | INFO | MindmapClusteringSystem | clustering_system.py:36 | Detected language: Arabic
2025-10-01 18:23:40,734 | INFO | MindmapClusteringSystem | clustering_system.py:37 | 📝 Processed 2 text segments
2025-10-01 18:23:40,734 | INFO | MindmapClusteringSystem | clustering_system.py:43 | 🔢 Generating embeddings...
2025-10-01 18:23:41,015 | INFO | MindmapClusteringSystem | clustering_system.py:47 | 🎯 Applying dynamic clustering...
2025-10-22 22:20:18,362 | INFO | mindmap.api | main.py:192 | ✅ File uploaded and saved at /Users/maryamsaad/Documents/thoughtflow/backend/uploads/1761160818361_unit2ground_truth.json
2025-10-22 22:20:52,663 | INFO | mindmap.api | main.py:104 | --- Step 1: Loading and Preprocessing document from /Users/maryamsaad/Documents/thoughtflow/backend/uploads/1761160818361_unit2ground_truth.json ---
2025-10-22 22:20:53,312 | INFO | mindmap.api | main.py:120 | --- Step 2: Generating Embeddings in batches ---
2025-10-22 22:20:53,673 | INFO | mindmap.api | main.py:129 | --- Step 3: Clustering ---
2025-10-22 22:20:53,778 | INFO | mindmap.api | main.py:140 | --- Step 4: Enrichment ---
2025-10-22 22:27:29,980 | INFO | mindmap.api | main.py:193 | ✅ File uploaded and saved at /Users/maryamsaad/Documents/thoughtflow/backend/uploads/1761161249979_unit4ground_truth.json
2025-10-22 22:27:49,256 | INFO | mindmap.api | main.py:193 | ✅ File uploaded and saved at /Users/maryamsaad/Documents/thoughtflow/backend/uploads/1761161269255_unit4ground_truth_clean.json
2025-10-22 22:27:56,230 | ERROR | mindmap.api | main.py:206 | Mindmap generation failed
Traceback (most recent call last):
  File "/Users/maryamsaad/Documents/thoughtflow/backend/main.py", line 202, in generate_mindmap
    raise FileNotFoundError("No uploaded file found. Please upload first.")
FileNotFoundError: No uploaded file found. Please upload first.
2025-10-22 22:29:14,269 | INFO | mindmap.api | main.py:193 | ✅ File uploaded and saved at /Users/maryamsaad/Documents/thoughtflow/backend/uploads/1761161354269_unit4ground_truth_clean.json
2025-10-22 22:29:21,097 | WARNING | mindmap.api | main.py:212 | No uploaded file found. Upload a file first via /upload or pass `file_path` in the POST body (use the file_path returned by /upload).
2025-10-22 22:29:23,374 | WARNING | mindmap.api | main.py:212 | No uploaded file found. Upload a file first via /upload or pass `file_path` in the POST body (use the file_path returned by /upload).
